// Jest Snapshot v1, https://goo.gl/fbAQLP

exports[`App renders app that matches snapshot 1`] = `
<div
  className="App"
>
  <body>
    <div
      className="sc-bcXHqe blMqrl"
    >
      <h1
        className="sc-jSUZER hjBDMm"
      >
        ðŸŽµ JACOBBLACKFLY.COM ðŸŽµ
      </h1>
      <div
        className="sc-gswNZR iBuoSt"
      >
        <button
          onClick={[Function]}
        >
          Home
        </button>
        <button
          onClick={[Function]}
        >
          About
        </button>
      </div>
      <div
        className="sc-eDvSVe eLESKG"
      >
        Listen to my new song "Searching":
      </div>
      <div>
        <img
          alt="Man playing piano over a blue background"
          src="searching-coverphoto.jpeg"
          width="300"
        />
      </div>
      <div
        className="sc-hLBbgP dgmzqa"
      >
        <div
          className="sc-gswNZR iBuoSt"
        >
          <a
            className="zoom"
            href="https://open.spotify.com/album/2hqZceh2GVkHgqy5mt2Rbg"
            id="spotify"
          >
            searching_spotify
          </a>
          <a
            className="zoom"
            href="https://music.apple.com/us/album/searching/1794303799"
            id="apple_music"
          >
            searching_apple
          </a>
          <a
            className="zoom"
            href="https://www.amazon.com/music/player/tracks/B0DVQ54M2L"
            id="amazon_music"
          >
            searching_amazon
          </a>
        </div>
      </div>
      <div
        className="sc-eDvSVe eLESKG"
      >
        Listen to 180 Degrees (Carrot Cake Song):
      </div>
      <div>
        <img
          alt="An oven overlaid with text: '180 Degrees'"
          src="carrotcake-coverphoto.jpeg"
          width="300"
        />
      </div>
      <div
        className="sc-hLBbgP dgmzqa"
      >
        <div
          className="sc-gswNZR iBuoSt"
        >
          <a
            className="zoom"
            href="https://www.youtube.com/watch?v=triJ-gSDO38"
            id="youtube"
          >
            carrotcake_youtube
          </a>
          <a
            className="zoom"
            href="https://open.spotify.com/track/0zbRd7eFUagrxQfX0BSN5p?si=VJw55mIESuCkVnjaNztklA"
            id="spotify"
          >
            carrotcake_spotify
          </a>
          <a
            className="zoom"
            href="https://music.apple.com/gb/album/180-degrees-carrot-cake-song/1695665758?i=1695665759"
            id="apple_music"
          >
            carrotcake_apple
          </a>
          <a
            className="zoom"
            href="https://music.amazon.co.uk/albums/B0CB2JNF88?marketplaceId=A1F83G8C2ARO7P&musicTerritory=GB&ref=dm_sh_2RkvvEIzWAsR5dySabqS0yCFd&trackAsin=B0CB2SF4C2"
            id="amazon_music"
          >
            carrotcake_amazon
          </a>
        </div>
      </div>
      <div
        className="sc-eDvSVe eLESKG"
      >
        Follow me:
      </div>
      <div
        className="sc-hLBbgP dgmzqa"
      >
        <div
          className="sc-gswNZR iBuoSt"
        >
          <a
            className="zoom"
            href="https://www.instagram.com/jacobblackfly/"
            id="instagram"
          >
            instagram_link
          </a>
          <a
            className="zoom"
            href="https://www.facebook.com/jacobbblackfly/"
            id="facebook"
          >
            facebook_link
          </a>
        </div>
      </div>
      <div
        className="sc-eDvSVe eLESKG"
      >
        Thanks for visiting my page and have a great day! :)
      </div>
    </div>
  </body>
</div>
`;
